// Jest Snapshot v1, https://goo.gl/fbAQLP

exports[`<Editor /> should match the snapshot 1`] = `
ShallowWrapper {
  "length": 1,
  Symbol(enzyme.__root__): [Circular],
  Symbol(enzyme.__unrendered__): <Editor
    name="editor"
    onChange={[MockFunction]}
    readOnly={false}
    value="<foo></foo>"
  />,
  Symbol(enzyme.__renderer__): Object {
    "batchedUpdates": [Function],
    "getNode": [Function],
    "render": [Function],
    "simulateEvent": [Function],
    "unmount": [Function],
  },
  Symbol(enzyme.__node__): Object {
    "instance": null,
    "key": undefined,
    "nodeType": "class",
    "props": Object {
      "cursorStart": 1,
      "editorProps": Object {},
      "enableBasicAutocompletion": false,
      "enableLiveAutocompletion": false,
      "focus": false,
      "fontSize": 12,
      "height": "100%",
      "highlightActiveLine": true,
      "maxLines": null,
      "minLines": null,
      "mode": "xml",
      "name": "editor",
      "onChange": [MockFunction],
      "onLoad": null,
      "onPaste": null,
      "onScroll": null,
      "readOnly": false,
      "scrollMargin": Array [
        0,
        0,
        0,
        0,
      ],
      "setOptions": Object {
        "enableBasicAutocompletion": true,
        "enableLiveAutocompletion": true,
        "showLineNumbers": true,
        "tabSize": 2,
      },
      "showGutter": true,
      "showPrintMargin": false,
      "style": Object {},
      "tabSize": 4,
      "theme": "tomorrow",
      "value": "<foo></foo>",
      "width": "100%",
      "wrapEnabled": false,
    },
    "ref": null,
    "rendered": null,
    "type": [Function],
  },
  Symbol(enzyme.__nodes__): Array [
    Object {
      "instance": null,
      "key": undefined,
      "nodeType": "class",
      "props": Object {
        "cursorStart": 1,
        "editorProps": Object {},
        "enableBasicAutocompletion": false,
        "enableLiveAutocompletion": false,
        "focus": false,
        "fontSize": 12,
        "height": "100%",
        "highlightActiveLine": true,
        "maxLines": null,
        "minLines": null,
        "mode": "xml",
        "name": "editor",
        "onChange": [MockFunction],
        "onLoad": null,
        "onPaste": null,
        "onScroll": null,
        "readOnly": false,
        "scrollMargin": Array [
          0,
          0,
          0,
          0,
        ],
        "setOptions": Object {
          "enableBasicAutocompletion": true,
          "enableLiveAutocompletion": true,
          "showLineNumbers": true,
          "tabSize": 2,
        },
        "showGutter": true,
        "showPrintMargin": false,
        "style": Object {},
        "tabSize": 4,
        "theme": "tomorrow",
        "value": "<foo></foo>",
        "width": "100%",
        "wrapEnabled": false,
      },
      "ref": null,
      "rendered": null,
      "type": [Function],
    },
  ],
  Symbol(enzyme.__options__): Object {
    "adapter": ReactSixteenAdapter {
      "options": Object {
        "enableComponentDidUpdateOnSetState": true,
      },
    },
  },
}
`;
